// Jest Snapshot v1, https://goo.gl/fbAQLP

exports[`shared: data-core: interfaces: tableau should create an entity 1`] = `
IModel {
  "_formFields": Array [
    Object {
      "filterName": "path",
      "name": "path",
      "required": true,
      "title": "DASHBOARDID",
      "type": "text",
    },
    Object {
      "collectionName": "tenants",
      "filterName": "_tenantRef",
      "multiple": false,
      "name": "_tenant",
      "required": true,
      "title": "TENANT",
      "type": "autocomplete",
    },
  ],
  "appareance": Map {},
  "className": "Tableau",
  "collectionName": "tableau",
  "feathersService": undefined,
  "fields": Array [
    "*",
  ],
  "include": Array [
    "_tenant",
  ],
  "isCustom": undefined,
  "mappingFields": Map {},
  "searchSubquery": undefined,
  "searchableFields": Array [
    "path",
  ],
  "type": [Function],
}
`;
