// Jest Snapshot v1, https://goo.gl/fbAQLP

exports[`shared: data-core: interfaces: Currency should create an entity 1`] = `
IModel {
  "_formFields": Array [
    Object {
      "clearable": false,
      "filterName": "currency",
      "name": "currency",
      "required": true,
      "title": "LANGUAGE",
      "translate": true,
      "type": "autocomplete",
      "values": Array [
        "en",
        "us",
        "fr",
        "de",
        "es",
        "nl",
        "pl",
        "it",
        "ru",
        "zhs",
        "zht",
        "pt",
        "kr",
        "ja",
        "ua",
        "he",
        "ar",
        "cz",
        "th",
        "tr",
        "bg",
        "el",
        "sl",
        "sk",
      ],
    },
    Object {
      "filterName": "symbol",
      "name": "symbol",
      "required": true,
      "title": "SYMBOL",
      "type": "text",
    },
    Object {
      "filterName": "rate",
      "name": "rate",
      "required": true,
      "title": "RATE1",
      "type": "number",
    },
  ],
  "appareance": Map {},
  "className": "Currency",
  "collectionName": "currencies",
  "feathersService": undefined,
  "fields": Array [
    "*",
  ],
  "include": Array [],
  "isCustom": undefined,
  "mappingFields": Map {},
  "searchSubquery": undefined,
  "searchableFields": Array [
    "currency",
    "symbol",
    "rate",
  ],
  "type": [Function],
}
`;
