// Jest Snapshot v1, https://goo.gl/fbAQLP

exports[`shared: data-core: interfaces: product should create an entity 1`] = `
IModel {
  "_formFields": Array [
    Object {
      "exportOrder": 1,
      "filterName": "_id",
      "forceExport": true,
      "name": "_id",
      "title": "_ID",
      "type": "text",
      "visible": false,
    },
    Object {
      "exportOrder": 3,
      "filterName": "title",
      "name": "title",
      "required": true,
      "title": "TITLE",
      "type": "text",
    },
    Object {
      "exportOrder": 4,
      "filterName": "reference",
      "name": "reference",
      "title": "REFERENCE",
      "type": "text",
    },
    Object {
      "exportOrder": 10,
      "filterName": "color",
      "flex": 50,
      "name": "color",
      "title": "COLOR",
      "type": "text",
    },
    Object {
      "exportOrder": 9,
      "filterName": "price",
      "flex": 50,
      "name": "price",
      "required": false,
      "title": "PRICE",
      "type": "number",
    },
    Object {
      "exportOrder": 8,
      "filterName": "step",
      "flex": 50,
      "min": 0,
      "name": "step",
      "title": "STEP",
      "type": "number",
    },
    Object {
      "columnDefinition": Object {
        "width": 40,
      },
      "exportOrder": 11,
      "filterName": "outofstock",
      "flex": 50,
      "name": "outofstock",
      "title": "OUTOFSTOCK",
      "type": "checkbox",
    },
    Object {
      "collectionName": "files",
      "columnDefinition": Object {
        "name": "_downloadURL",
      },
      "crop": "square",
      "exportOrder": 7,
      "filterName": "imageRef",
      "filterable": false,
      "filters": Array [
        Array [
          Object {
            "field": "mimeType",
            "operator": Object {
              "_id": "inq",
            },
            "value": Array [
              "image/png",
              "image/jpg",
              "image/jpeg",
              "image/gif",
              "image/bmp",
            ],
          },
        ],
      ],
      "fixedPosition": true,
      "forceModal": true,
      "hiddenFields": Array [
        "mimeType",
      ],
      "isImage": true,
      "maxHeight": 300,
      "maxWidth": 600,
      "mode": "tile",
      "name": "image",
      "pageSize": 20,
      "required": true,
      "title": "PHOTO",
      "type": "autocomplete",
    },
    Object {
      "exportOrder": 5,
      "filterName": "description",
      "name": "description",
      "title": "DESCRIPTION",
      "type": "textarea",
    },
    Object {
      "exportOrder": 6,
      "filterName": "shortdescription",
      "name": "shortdescription",
      "title": "SHORTDESCRIPTION",
      "type": "textarea",
    },
    Object {
      "allowCustomTag": true,
      "collectionName": "products",
      "exportOrder": 12,
      "filterName": "tags",
      "icon": "yo-flag",
      "multiple": true,
      "name": "tags",
      "subQuery": Object {
        "field": "fileRef",
        "values": "_id",
      },
      "tag": true,
      "title": "TAGS",
      "type": "autocomplete",
    },
    Object {
      "columnDefinition": Object {
        "name": "title",
      },
      "exportOrder": 2,
      "filterName": "catalog",
      "forceExport": true,
      "name": "catalog",
      "title": "CATALOG",
      "type": "text",
      "visible": false,
    },
  ],
  "appareance": Map {},
  "className": "Product",
  "collectionName": "products",
  "feathersService": undefined,
  "fields": Array [
    "*",
  ],
  "include": Array [
    "catalog",
  ],
  "isCustom": undefined,
  "mappingFields": Map {},
  "searchSubquery": undefined,
  "searchableFields": Array [
    "title",
    "reference",
    "tags",
  ],
  "type": [Function],
}
`;
