// Jest Snapshot v1, https://goo.gl/fbAQLP

exports[`shared: data-core: interfaces: Location should create an entity 1`] = `
IModel {
  "_formFields": Array [
    Object {
      "exportOrder": 13,
      "filterName": "_id",
      "filterable": false,
      "forceExport": true,
      "name": "_id",
      "title": "_ID",
      "type": "text",
      "visible": false,
    },
    Object {
      "columnDefinition": Object {
        "width": 100,
      },
      "condition": Object {
        "group": Array [
          "trial",
        ],
        "operator": "nin",
        "type": "roles",
      },
      "exportOrder": 12,
      "filterName": "clientid",
      "name": "clientid",
      "title": "CLIENTID",
      "type": "text",
    },
    Object {
      "exportOrder": 1,
      "filterName": "title",
      "name": "title",
      "required": true,
      "title": "TITLE",
      "type": "text",
    },
    Object {
      "columnDefinition": Object {
        "width": 350,
      },
      "exportOrder": 2,
      "filterName": "_geoloc",
      "name": "address",
      "onChange": [Function],
      "required": true,
      "showMap": true,
      "title": "ADDRESS",
      "type": "address",
    },
    Object {
      "columnDefinition": Object {
        "width": 40,
      },
      "condition": Object {
        "group": Array [
          "trial",
        ],
        "operator": "nin",
        "type": "roles",
      },
      "exportOrder": 14,
      "filterName": "vip",
      "name": "vip",
      "title": "VIP",
      "type": "checkbox",
    },
    Object {
      "collectionName": "locations",
      "condition": Object {
        "group": Array [
          "trial",
        ],
        "operator": "nin",
        "type": "roles",
      },
      "exportOrder": 10,
      "filterName": "tags",
      "icon": "yo-tag",
      "multiple": true,
      "name": "tags",
      "subQuery": Object {
        "field": "locationRef",
        "values": "_id",
      },
      "tag": true,
      "title": "LOCATIONTAGS",
      "type": "autocomplete",
    },
    Object {
      "collectionName": "locationtypes",
      "columnDefinition": Object {
        "name": "name",
      },
      "condition": Object {
        "group": Array [
          "trial",
        ],
        "operator": "nin",
        "type": "roles",
      },
      "exportOrder": 3,
      "filterName": "typeRef",
      "filterableAdvanced": true,
      "name": "type",
      "onChange": [Function],
      "required": true,
      "title": "TYPE",
      "type": "autocomplete",
    },
    Object {
      "clearable": true,
      "collectionName": "missiondescriptions",
      "condition": Object {
        "group": Array [
          "trial",
        ],
        "operator": "nin",
        "type": "roles",
      },
      "filterName": "missiondescriptionsRef",
      "filterable": false,
      "filters": Array [
        Array [
          Object {
            "field": "archived",
            "operator": Object {
              "_id": "neq",
            },
            "value": true,
          },
        ],
      ],
      "hiddenFields": Array [
        "archived",
      ],
      "multiple": true,
      "name": "missiondescriptions",
      "sortable": false,
      "suppressExport": true,
      "title": "MISSIONDESCRIPTIONS",
      "type": "autocomplete",
    },
    Object {
      "condition": Object {
        "group": Array [
          "trial",
        ],
        "operator": "nin",
        "type": "roles",
      },
      "exportOrder": 11,
      "filterName": "notificationemail",
      "filterableAdvanced": true,
      "name": "notificationemail",
      "showUsers": true,
      "stateful": false,
      "tab": "INFORMATION",
      "title": "NOTIFICATIONEMAILS",
      "type": "emailreport",
    },
    Object {
      "exportOrder": 6,
      "filterName": "contactname",
      "filterableAdvanced": true,
      "name": "contactname",
      "tab": "INFORMATION",
      "title": "CONTACTNAME",
      "type": "text",
    },
    Object {
      "exportOrder": 7,
      "filterName": "contactemail",
      "filterableAdvanced": true,
      "name": "contactemail",
      "tab": "INFORMATION",
      "title": "CONTACTEMAIL",
      "type": "email",
    },
    Object {
      "exportOrder": 8,
      "filterName": "contactphone",
      "filterableAdvanced": true,
      "name": "contactphone",
      "tab": "INFORMATION",
      "title": "CONTACTPHONE",
      "type": "text",
    },
    Object {
      "exportOrder": 9,
      "filterName": "info",
      "filterableAdvanced": true,
      "name": "info",
      "tab": "INFORMATION",
      "title": "INFO",
      "type": "textarea",
    },
    Object {
      "clearable": false,
      "filterName": "status",
      "filterableAdvanced": true,
      "name": "status",
      "readonly": true,
      "suppressExport": true,
      "title": "STATUS",
      "type": "autocomplete",
      "values": Array [
        "file",
        "geocoder",
        "place",
        "prediction",
        "error",
      ],
    },
    Object {
      "exportOrder": 5,
      "filterName": "placesearch",
      "filterable": false,
      "forceExport": true,
      "name": "placesearch",
      "sortable": false,
      "title": "PLACESEARCH",
      "visible": false,
    },
    Object {
      "exportOrder": 4,
      "filterName": "_geoloc",
      "filterable": false,
      "forceExport": true,
      "name": "_geoloc",
      "sortable": false,
      "title": "_GEOLOC",
      "visible": false,
    },
    Object {
      "condition": Object {
        "group": Array [
          "admin",
        ],
        "operator": "in",
        "type": "roles",
      },
      "filterName": "properties",
      "filterable": false,
      "name": "properties",
      "sortable": false,
      "suppressExport": true,
      "tab": "PROPERTIES",
      "title": "PROPERTIES",
      "type": "json",
    },
  ],
  "appareance": Map {},
  "className": "Location",
  "collectionName": "locations",
  "feathersService": undefined,
  "fields": Array [
    "*",
    "type.name",
  ],
  "include": Array [
    "type",
  ],
  "isCustom": undefined,
  "mappingFields": Map {
    12 => "_id",
    11 => "clientid",
    0 => "title",
    1 => "address",
    13 => "vip",
    9 => "tags",
    2 => "type",
    14 => "missiondescriptions",
    10 => "notificationemail",
    5 => "contactname",
    6 => "contactemail",
    7 => "contactphone",
    8 => "info",
    4 => "placesearch",
    3 => "_geoloc",
  },
  "searchSubquery": undefined,
  "searchableFields": Array [
    "clientid",
    "title",
    "address",
    "contactname",
  ],
  "type": [Function],
}
`;
