// Jest Snapshot v1, https://goo.gl/fbAQLP

exports[`shared: data-core: interfaces: ChartDefinition should create an entity 1`] = `
IModel {
  "_formFields": Array [
    Object {
      "autoselect": true,
      "clearable": false,
      "filterName": "collectionName",
      "name": "collectionName",
      "required": true,
      "title": "QUERYON",
      "translate": true,
      "type": "autocomplete",
      "values": Array [
        "missions",
        "missiondatas",
        "custom",
      ],
    },
    Object {
      "condition": "collectionName==\\"missiondatas\\"",
      "filterName": "missionfields",
      "name": "missionfields",
      "onChange": [Function],
      "required": true,
      "title": "CAMPAIGN",
      "type": "missionfield",
    },
    Object {
      "filterName": "title",
      "name": "title",
      "required": true,
      "title": "TITLE",
      "type": "text",
    },
    Object {
      "filterName": "description",
      "name": "description",
      "required": false,
      "title": "DESCRIPTION",
      "type": "textarea",
    },
    Object {
      "filterName": "showAs",
      "flex": 33,
      "name": "showAs",
      "title": "SHOWAS",
      "type": "autocomplete",
      "values": Array [
        "chart",
        "grid",
        "map",
        "micro",
      ],
    },
    Object {
      "clearable": false,
      "condition": "showAs==\\"chart\\"",
      "filterName": "type",
      "flex": 33,
      "name": "type",
      "title": "TYPE",
      "translate": true,
      "type": "autocomplete",
      "values": Array [
        "line",
        "spline",
        "area",
        "areaspline",
        "column",
        "bar",
        "radar",
        "pie",
        "doughnut",
        "treemap",
      ],
    },
    Object {
      "autoselect": true,
      "clearable": false,
      "condition": "showAs==\\"chart\\"",
      "filterName": "palette",
      "flex": 34,
      "name": "palette",
      "title": "PALETTE",
      "translate": true,
      "type": "autocomplete",
      "values": Array [
        "palette0",
        "palette1",
        "palette2",
        "palette3",
      ],
    },
    Object {
      "condition": "collectionName==\\"missions\\" or collectionName==\\"missiondatas\\"",
      "filterName": "groupByDate",
      "flex": 34,
      "name": "groupByDate",
      "title": "GROUPBYDATE",
      "type": "checkbox",
    },
    Object {
      "clearable": true,
      "condition": "groupByDate == 1",
      "filterName": "datetimeFormat",
      "flex": 33,
      "name": "datetimeFormat",
      "tag": true,
      "title": "DATETIMEFORMAT",
      "type": "autocomplete",
      "values": Array [
        "d",
        "dd",
        "DD",
        "w",
        "MMM",
      ],
    },
    Object {
      "condition": "groupByDate == 1",
      "filterName": "timescale",
      "flex": 33,
      "name": "timescale",
      "title": "TIMESCALE",
      "type": "autocomplete",
      "values": Array [
        "last7days",
        "lastweek",
        "last30days",
        "lastmonth",
        "last90days",
        "lastquarter",
        "last365days",
        "lastyear",
      ],
    },
    Object {
      "clearable": false,
      "condition": "groupByDate == 1",
      "filterName": "dateGrouping",
      "flex": 34,
      "name": "dateGrouping",
      "title": "GROUPBY",
      "translate": true,
      "type": "autocomplete",
      "values": Array [
        "year",
        "month",
        "week",
        "day",
        "calendar",
      ],
    },
    Object {
      "condition": "collectionName==\\"missions\\"",
      "filterName": "groupByTag",
      "flex": 33,
      "name": "groupByTag",
      "title": "GROUPBYTAG",
      "type": "checkbox",
    },
    Object {
      "condition": "collectionName==\\"missions\\"",
      "filterName": "groupByCampaign",
      "flex": 33,
      "name": "groupByCampaign",
      "title": "GROUPBYCAMPAIGN",
      "type": "checkbox",
    },
    Object {
      "filterName": "showLegend",
      "flex": 33,
      "name": "showLegend",
      "title": "SHOWLEGEND",
      "type": "checkbox",
    },
    Object {
      "filterName": "showValues",
      "flex": 33,
      "name": "showValues",
      "title": "SHOWVALUES",
      "type": "checkbox",
    },
    Object {
      "filterName": "colorByPoint",
      "flex": 33,
      "name": "colorByPoint",
      "title": "COLORBYPOINT",
      "type": "checkbox",
    },
    Object {
      "clearable": true,
      "filterName": "stacked",
      "flex": 34,
      "name": "stacked",
      "title": "STACKED",
      "type": "autocomplete",
      "values": Array [
        "normal",
        "percent",
      ],
    },
    Object {
      "filterName": "custom",
      "name": "custom",
      "required": false,
      "title": "CUSTOM",
      "type": "textarea",
    },
  ],
  "appareance": Map {},
  "className": "ChartDefinition",
  "collectionName": "chartdefinitions",
  "feathersService": undefined,
  "fields": Array [
    "*",
  ],
  "include": Array [],
  "isCustom": undefined,
  "mappingFields": Map {},
  "searchSubquery": undefined,
  "searchableFields": Array [
    "title",
    "description",
    "custom",
  ],
  "type": [Function],
}
`;
