// Jest Snapshot v1, https://goo.gl/fbAQLP

exports[`shared: data-core: interfaces: Dashboard should create an entity 1`] = `
IModel {
  "_formFields": Array [
    Object {
      "filterName": "title",
      "name": "title",
      "required": true,
      "title": "TITLE",
      "type": "text",
    },
    Object {
      "filterName": "description",
      "name": "description",
      "required": false,
      "title": "DESCRIPTION",
      "type": "textarea",
    },
  ],
  "appareance": Map {},
  "className": "Dashboard",
  "collectionName": "dashboards",
  "feathersService": undefined,
  "fields": Array [
    "*",
  ],
  "include": Array [],
  "isCustom": undefined,
  "mappingFields": Map {},
  "searchSubquery": undefined,
  "searchableFields": Array [
    "title",
    "description",
  ],
  "type": [Function],
}
`;
