// Jest Snapshot v1, https://goo.gl/fbAQLP

exports[`shared: data-core: interfaces: slide should create an entity 1`] = `
IModel {
  "_formFields": Array [
    Object {
      "filterName": "title",
      "name": "title",
      "required": true,
      "title": "TITLE",
      "type": "text",
    },
    Object {
      "filterName": "description",
      "name": "description",
      "title": "DESCRIPTION",
      "type": "textarea",
    },
    Object {
      "advanced": true,
      "condition": Object {
        "group": Array [
          "trial",
        ],
        "operator": "nin",
        "type": "roles",
      },
      "filterName": "hideheader",
      "flex": 100,
      "name": "hideheader",
      "title": "HIDEHEADER",
      "type": "checkbox",
    },
    Object {
      "advanced": true,
      "condition": Array [
        Object {
          "group": Array [
            "admin",
            "service",
          ],
          "operator": "in",
          "type": "roles",
        },
      ],
      "filterName": "service",
      "flex": 100,
      "name": "service",
      "title": "SERVICE",
      "type": "checkbox",
    },
    Object {
      "advanced": true,
      "clearable": true,
      "condition": Object {
        "group": Array [
          "trial",
        ],
        "operator": "nin",
        "type": "roles",
      },
      "filterName": "condition",
      "multiple": true,
      "name": "condition",
      "title": "CONDITION",
      "type": "autocomplete",
    },
  ],
  "appareance": Map {},
  "className": "Slide",
  "collectionName": undefined,
  "feathersService": undefined,
  "fields": undefined,
  "include": undefined,
  "isCustom": undefined,
  "mappingFields": Map {},
  "searchSubquery": undefined,
  "searchableFields": Array [],
  "type": [Function],
}
`;
