// Jest Snapshot v1, https://goo.gl/fbAQLP

exports[`shared: data-core: interfaces: Catalog should create an entity 1`] = `
IModel {
  "_formFields": Array [
    Object {
      "filterName": "title",
      "name": "title",
      "required": true,
      "title": "TITLE",
      "type": "text",
    },
    Object {
      "collectionName": "files",
      "columnDefinition": Object {
        "name": "_downloadURL",
      },
      "crop": "square",
      "filterName": "imageRef",
      "filters": Array [
        Array [
          Object {
            "field": "mimeType",
            "operator": Object {
              "_id": "inq",
            },
            "value": Array [
              "image/png",
              "image/jpg",
              "image/jpeg",
              "image/gif",
              "image/bmp",
            ],
          },
        ],
      ],
      "fixedPosition": true,
      "forceModal": true,
      "hiddenFields": Array [
        "mimeType",
      ],
      "maxHeight": 300,
      "maxWidth": 600,
      "mode": "tile",
      "name": "image",
      "pageSize": 20,
      "required": true,
      "title": "PHOTO",
      "type": "autocomplete",
    },
    Object {
      "filterName": "description",
      "name": "description",
      "title": "DESCRIPTION",
      "type": "textarea",
    },
    Object {
      "clearable": false,
      "collectionName": "groups",
      "filterName": "group",
      "filters": Array [
        Array [
          Object {
            "field": "isRole",
            "operator": Object {
              "_id": "neq",
            },
            "value": true,
          },
          Object {
            "field": "type",
            "operator": Object {
              "_id": "nin",
            },
            "value": Array [
              "plan",
            ],
          },
        ],
      ],
      "hiddenFields": Array [
        "isRole",
        "type",
      ],
      "idOnly": true,
      "mapTransform": [Function],
      "multiple": true,
      "name": "group",
      "required": true,
      "title": "GROUPS",
      "type": "autocomplete",
    },
  ],
  "appareance": Map {},
  "className": "Catalog",
  "collectionName": "catalogs",
  "feathersService": undefined,
  "fields": Array [
    "*",
  ],
  "include": Array [],
  "isCustom": undefined,
  "mappingFields": Map {},
  "searchSubquery": undefined,
  "searchableFields": Array [
    "title",
  ],
  "type": [Function],
}
`;
