// Jest Snapshot v1, https://goo.gl/fbAQLP

exports[`shared: data-core: interfaces: workplace should create a WorkplaceGroups entity 1`] = `
IModel {
  "_formFields": Array [
    Object {
      "filterName": "name",
      "name": "name",
      "readonly": true,
      "title": "NAME",
      "type": "text",
    },
    Object {
      "filterName": "icon",
      "name": "icon",
      "readonly": true,
      "title": "ICON",
      "type": "text",
    },
    Object {
      "filterName": "cover",
      "name": "cover",
      "readonly": true,
      "title": "COVER",
      "type": "text",
    },
    Object {
      "filterName": "description",
      "name": "description",
      "readonly": true,
      "title": "DESCRIPTION",
      "type": "text",
    },
  ],
  "appareance": Map {},
  "className": "WorkplaceGroups",
  "collectionName": "workplace_groups",
  "feathersService": undefined,
  "fields": Array [
    "*",
  ],
  "include": Array [],
  "isCustom": undefined,
  "mappingFields": Map {},
  "searchSubquery": undefined,
  "searchableFields": Array [],
  "type": [Function],
}
`;

exports[`shared: data-core: interfaces: workplace should create a WorkplacePost entity 1`] = `
IModel {
  "_formFields": Array [
    Object {
      "filterName": "comments",
      "name": "comments",
      "required": true,
      "title": "COMMENTS",
      "type": "textarea",
    },
    Object {
      "collectionName": "workplace_groups",
      "filterName": "workplaceGroupsRef",
      "multiple": true,
      "name": "workplaceGroups",
      "required": true,
      "title": "GROUPS",
      "type": "autocomplete",
    },
  ],
  "appareance": Map {},
  "className": "WorkplacePost",
  "collectionName": undefined,
  "feathersService": undefined,
  "fields": undefined,
  "include": undefined,
  "isCustom": undefined,
  "mappingFields": Map {},
  "searchSubquery": undefined,
  "searchableFields": Array [],
  "type": [Function],
}
`;
