// Jest Snapshot v1, https://goo.gl/fbAQLP

exports[`shared: data-core: interfaces: MissionDescription should create an entity 1`] = `
IModel {
  "_formFields": Array [
    Object {
      "exportOrder": 1,
      "filterName": "_id",
      "forceExport": true,
      "name": "_id",
      "title": "_ID",
      "type": "text",
      "visible": false,
    },
    Object {
      "clearable": false,
      "condition": Object {
        "group": Array [
          "trial",
        ],
        "operator": "nin",
        "type": "roles",
      },
      "exportOrder": 3,
      "filterName": "type",
      "name": "type",
      "onChange": [Function],
      "required": true,
      "title": "TYPE",
      "translate": true,
      "type": "autocomplete",
      "values": Array [
        "mission",
      ],
    },
    Object {
      "exportOrder": 2,
      "filterName": "title",
      "name": "title",
      "required": true,
      "title": "TITLE",
      "type": "text",
    },
    Object {
      "filterName": "text",
      "filterable": false,
      "language": "html",
      "name": "text",
      "required": true,
      "sortable": false,
      "title": "DESCRIPTION",
      "type": "textarea",
    },
    Object {
      "collectionName": "files",
      "columnDefinition": Object {
        "name": "_downloadURL",
      },
      "crop": "circle",
      "filterName": "iconRef",
      "filterable": false,
      "filters": Array [
        Array [
          Object {
            "field": "mimeType",
            "operator": Object {
              "_id": "inq",
            },
            "value": Array [
              "image/png",
              "image/jpg",
              "image/jpeg",
              "image/gif",
              "image/bmp",
            ],
          },
        ],
      ],
      "fixedPosition": true,
      "flex": 50,
      "forceModal": true,
      "hiddenFields": Array [
        "mimeType",
      ],
      "maxHeight": 160,
      "maxWidth": 160,
      "mode": "tile",
      "name": "icon",
      "pageSize": 20,
      "required": true,
      "sortable": false,
      "title": "ICON",
      "type": "autocomplete",
    },
    Object {
      "collectionName": "files",
      "columnDefinition": Object {
        "name": "_downloadURL",
      },
      "crop": "square",
      "filterName": "backgroundRef",
      "filterable": false,
      "filters": Array [
        Array [
          Object {
            "field": "mimeType",
            "operator": Object {
              "_id": "inq",
            },
            "value": Array [
              "image/png",
              "image/jpg",
              "image/jpeg",
              "image/gif",
              "image/bmp",
            ],
          },
        ],
      ],
      "fixedPosition": true,
      "flex": 50,
      "forceModal": true,
      "hiddenFields": Array [
        "mimeType",
      ],
      "maxHeight": 240,
      "maxWidth": 750,
      "mode": "tile",
      "name": "background",
      "pageSize": 20,
      "required": true,
      "sortable": false,
      "title": "BACKGROUND",
      "type": "autocomplete",
    },
    Object {
      "clearable": false,
      "collectionName": "groups",
      "condition": Object {
        "group": Array [
          "trial",
        ],
        "operator": "nin",
        "type": "roles",
      },
      "exportOrder": 4,
      "filterName": "group",
      "filters": Array [
        Array [
          Object {
            "field": "isRole",
            "operator": Object {
              "_id": "neq",
            },
            "value": true,
          },
          Object {
            "field": "type",
            "operator": Object {
              "_id": "nin",
            },
            "value": Array [
              "plan",
            ],
          },
        ],
      ],
      "flex": 100,
      "hiddenFields": Array [
        "isRole",
        "type",
      ],
      "idOnly": true,
      "mapTransform": [Function],
      "multiple": true,
      "name": "group",
      "required": true,
      "title": "MISSIONGROUPS",
      "type": "autocomplete",
    },
    Object {
      "clearable": false,
      "collectionName": "groups",
      "condition": "type == \\"service\\"",
      "exportOrder": 4,
      "filterName": "serviceGroups",
      "filters": Array [
        Array [
          Object {
            "field": "isRole",
            "operator": Object {
              "_id": "neq",
            },
            "value": true,
          },
          Object {
            "field": "type",
            "operator": Object {
              "_id": "nin",
            },
            "value": Array [
              "plan",
            ],
          },
        ],
      ],
      "flex": 100,
      "hiddenFields": Array [
        "isRole",
        "type",
      ],
      "idOnly": true,
      "mapTransform": [Function],
      "multiple": true,
      "name": "serviceGroups",
      "required": false,
      "title": "MISSIONGROUPS",
      "type": "autocomplete",
    },
    Object {
      "advanced": true,
      "collectionName": "missiondescriptions",
      "condition": Object {
        "group": Array [
          "trial",
        ],
        "operator": "nin",
        "type": "roles",
      },
      "filterName": "tags",
      "icon": "yo-flag",
      "multiple": true,
      "name": "tags",
      "subQuery": Object {
        "field": "descriptionRef",
        "values": "_id",
      },
      "tag": true,
      "title": "CAMPAIGNTAGS",
      "type": "autocomplete",
    },
    Object {
      "collectionName": "missions",
      "condition": Object {
        "group": Array [
          "trial",
        ],
        "operator": "nin",
        "type": "roles",
      },
      "filterName": "missionTags",
      "filterable": false,
      "icon": "yo-flag",
      "multiple": true,
      "name": "missionTags",
      "subQuery": Object {
        "field": "descriptionRef",
        "values": "_id",
      },
      "tag": true,
      "title": "CATEGORIES",
      "type": "autocomplete",
    },
    Object {
      "advanced": true,
      "columnDefinition": Object {
        "width": 80,
      },
      "condition": Object {
        "group": Array [
          "trial",
        ],
        "operator": "nin",
        "type": "roles",
      },
      "filterName": "skipValidation",
      "filterableAdvanced": true,
      "flex": 100,
      "name": "skipValidation",
      "title": "SKIPVALIDATION",
      "type": "checkbox",
    },
    Object {
      "advanced": true,
      "columnDefinition": Object {
        "width": 80,
      },
      "condition": Object {
        "group": Array [
          "trial",
        ],
        "operator": "nin",
        "type": "roles",
      },
      "filterName": "allowSameUserValidation",
      "filterableAdvanced": true,
      "flex": 100,
      "name": "allowSameUserValidation",
      "title": "ALLOWSAMEUSERVALIDATION",
      "type": "checkbox",
    },
    Object {
      "advanced": true,
      "columnDefinition": Object {
        "width": 80,
      },
      "condition": "type == \\"poll\\"",
      "filterName": "allowMultiple",
      "filterableAdvanced": true,
      "flex": 100,
      "name": "allowMultiple",
      "title": "ALLOWMULTIPLE",
      "type": "checkbox",
    },
    Object {
      "advanced": true,
      "columnDefinition": Object {
        "width": 80,
      },
      "condition": "type == \\"poll\\"",
      "filterName": "quizz",
      "filterableAdvanced": true,
      "flex": 100,
      "name": "quizz",
      "title": "QUIZZ",
      "type": "checkbox",
    },
    Object {
      "advanced": true,
      "columnDefinition": Object {
        "width": 80,
      },
      "condition": "quizz == 1",
      "filterName": "quizzMode",
      "filterable": false,
      "flex": 100,
      "name": "quizzMode",
      "title": "MODE",
      "translate": true,
      "type": "autocomplete",
      "values": Array [
        "ALLANSWERSVALID",
        "ALLOWUNVALIDANSWERS",
        "LIVEANSWERS",
      ],
    },
    Object {
      "advanced": true,
      "columnDefinition": Object {
        "width": 80,
      },
      "condition": "quizz == 1",
      "filterName": "showAnswers",
      "filterableAdvanced": true,
      "flex": 100,
      "name": "showAnswers",
      "title": "SHOWANSWERS",
      "type": "checkbox",
    },
    Object {
      "advanced": true,
      "columnDefinition": Object {
        "width": 80,
      },
      "condition": Array [
        "type == \\"mission\\"",
        Object {
          "group": Array [
            "trial",
          ],
          "operator": "nin",
          "type": "roles",
        },
      ],
      "filterName": "audit",
      "filterableAdvanced": true,
      "flex": 100,
      "name": "audit",
      "title": "AUDIT",
      "type": "checkbox",
    },
    Object {
      "advanced": true,
      "columnDefinition": Object {
        "width": 80,
      },
      "condition": Array [
        "type == \\"mission\\"",
      ],
      "filterName": "recurring",
      "filterableAdvanced": true,
      "flex": 100,
      "name": "recurring",
      "title": "RECURRING",
      "type": "checkbox",
    },
    Object {
      "clearable": false,
      "condition": "type==\\"poll\\" or type==\\"service\\"",
      "filterName": "language",
      "flex": 100,
      "name": "language",
      "required": true,
      "title": "LANGUAGE",
      "translate": true,
      "type": "autocomplete",
      "values": Array [
        "all",
        "en",
        "us",
        "fr",
        "de",
        "es",
        "nl",
        "pl",
        "it",
        "ru",
        "zhs",
        "zht",
        "pt",
        "kr",
        "ja",
        "ua",
        "he",
        "ar",
        "cz",
        "th",
        "tr",
        "bg",
        "el",
        "sl",
        "sk",
      ],
    },
    Object {
      "advanced": true,
      "condition": "type == \\"service\\"",
      "filterName": "submittext",
      "filterable": false,
      "flex": 100,
      "name": "submittext",
      "sortable": false,
      "title": "SUBMITTEXT",
      "type": "text",
    },
    Object {
      "advanced": true,
      "condition": "type == \\"service\\"",
      "filterName": "successtext",
      "filterable": false,
      "flex": 100,
      "name": "successtext",
      "sortable": false,
      "title": "SUCCESSTEXT",
      "type": "text",
    },
    Object {
      "advanced": true,
      "condition": Object {
        "group": Array [
          "admin",
        ],
        "operator": "in",
        "type": "roles",
      },
      "filterName": "versionmin",
      "filterableAdvanced": true,
      "name": "versionmin",
      "sortable": false,
      "title": "VERSIONMIN",
      "type": "text",
    },
    Object {
      "advanced": true,
      "clearable": true,
      "collectionName": "groups",
      "condition": Array [
        Object {
          "group": Array [
            "trial",
          ],
          "operator": "nin",
          "type": "roles",
        },
        "type == \\"mission\\"",
      ],
      "exportOrder": 6,
      "filterName": "finishedGroups",
      "filters": Array [
        Array [
          Object {
            "field": "isRole",
            "operator": Object {
              "_id": "neq",
            },
            "value": true,
          },
          Object {
            "field": "type",
            "operator": Object {
              "_id": "nin",
            },
            "value": Array [
              "plan",
            ],
          },
        ],
      ],
      "flex": 100,
      "hiddenFields": Array [
        "isRole",
        "type",
      ],
      "idOnly": true,
      "mapTransform": [Function],
      "multiple": true,
      "name": "finishedGroups",
      "required": false,
      "title": "FINISHEDGROUPS",
      "type": "autocomplete",
    },
    Object {
      "advanced": true,
      "condition": Object {
        "group": Array [
          "trial",
        ],
        "operator": "nin",
        "type": "roles",
      },
      "filterName": "notificationemail",
      "filterable": false,
      "name": "notificationemail",
      "showUsers": true,
      "sortable": false,
      "stateful": false,
      "title": "NOTIFICATIONEMAILS",
      "type": "emailreport",
    },
    Object {
      "advanced": true,
      "columnDefinition": Object {
        "width": 80,
      },
      "exportOrder": 5,
      "filterName": "archived",
      "forceExport": true,
      "name": "archived",
      "readonly": true,
      "title": "ARCHIVED",
      "type": "checkbox",
      "visible": false,
    },
    Object {
      "advanced": true,
      "filterName": "count",
      "filterable": false,
      "name": "count",
      "readonly": true,
      "sortable": false,
      "title": "TOTAL",
      "type": "number",
      "visible": false,
    },
    Object {
      "advanced": true,
      "filterName": "latest",
      "filterable": false,
      "name": "latest",
      "readonly": true,
      "sortable": false,
      "title": "LATEST",
      "type": "date",
      "visible": false,
    },
    Object {
      "advanced": true,
      "filterName": "pdfMode",
      "filterable": false,
      "name": "pdfMode",
      "title": "PDF",
      "translate": true,
      "type": "autocomplete",
      "values": Array [
        "PDFCLASSIC",
        "PDFPHOTOREPORT",
        "PDFAUDITEXPORTS",
        "PDFCONTRACT",
      ],
    },
    Object {
      "advanced": true,
      "filterName": "_ect",
      "filterableAdvanced": true,
      "name": "_ect",
      "readonly": true,
      "title": "CREATIONDATE",
      "type": "datetime-local",
    },
  ],
  "appareance": Map {},
  "className": "MissionDescription",
  "collectionName": "missiondescriptions",
  "feathersService": undefined,
  "fields": Array [
    "title",
    "text",
    "_id",
    "_ect",
    "_lmt",
    "icon",
    "background",
    "group",
    "type",
    "archived",
    "tags",
    "missionTags",
    "scoring",
    "versionmin",
    "skipValidation",
    "allowSameUserValidation",
    "allowMultiple",
    "quizz",
    "quizzMode",
    "showAnswers",
    "audit",
    "recurring",
    "category",
    "categoryRef",
    "language",
    "submittext",
    "successtext",
    "finishedGroups",
    "notificationemail",
    "pdfMode",
  ],
  "include": Array [],
  "isCustom": undefined,
  "mappingFields": Map {},
  "searchSubquery": undefined,
  "searchableFields": Array [
    "title",
    "tags",
    "missionTags",
  ],
  "type": [Function],
}
`;
