// Jest Snapshot v1, https://goo.gl/fbAQLP

exports[`shared: data-core: interfaces: Translation should create an entity 1`] = `
IModel {
  "_formFields": Array [
    Object {
      "filterName": "_id",
      "forceExport": true,
      "name": "_id",
      "title": "ID",
      "visible": false,
    },
    Object {
      "autoselect": true,
      "clearable": false,
      "columnDefinition": Object {
        "width": 40,
      },
      "filterName": "language",
      "name": "language",
      "required": true,
      "title": "LANGUAGE",
      "translate": true,
      "type": "autocomplete",
      "values": Array [
        "en",
        "us",
        "fr",
        "de",
        "es",
        "nl",
        "pl",
        "it",
        "ru",
        "zhs",
        "zht",
        "pt",
        "kr",
        "ja",
        "ua",
        "he",
        "ar",
        "cz",
        "th",
        "tr",
        "bg",
        "el",
        "sl",
        "sk",
      ],
    },
    Object {
      "filterName": "key",
      "name": "key",
      "required": true,
      "title": "KEY",
      "type": "text",
    },
    Object {
      "filterName": "value",
      "name": "value",
      "required": true,
      "title": "VALUE",
      "type": "text",
    },
    Object {
      "filterName": "translateButton",
      "flex": 50,
      "handler": [Function],
      "name": "translateButton",
      "suppressExport": true,
      "title": "TRANSLATE",
      "type": "button",
    },
    Object {
      "color": "assertive light",
      "filterName": "resetButton",
      "flex": 50,
      "handler": [Function],
      "name": "resetButton",
      "suppressExport": true,
      "title": "RESET",
      "type": "button",
    },
    Object {
      "filterName": "en",
      "name": "en",
      "required": true,
      "title": "EN",
      "type": "text",
    },
    Object {
      "filterName": "us",
      "name": "us",
      "required": true,
      "title": "US",
      "type": "text",
    },
    Object {
      "filterName": "fr",
      "name": "fr",
      "required": true,
      "title": "FR",
      "type": "text",
    },
    Object {
      "filterName": "es",
      "name": "es",
      "required": true,
      "title": "ES",
      "type": "text",
    },
    Object {
      "filterName": "pl",
      "name": "pl",
      "required": true,
      "title": "PL",
      "type": "text",
    },
    Object {
      "filterName": "nl",
      "name": "nl",
      "required": true,
      "title": "NL",
      "type": "text",
    },
    Object {
      "filterName": "de",
      "name": "de",
      "required": true,
      "title": "DE",
      "type": "text",
    },
    Object {
      "filterName": "it",
      "name": "it",
      "required": true,
      "title": "IT",
      "type": "text",
    },
    Object {
      "filterName": "ru",
      "name": "ru",
      "required": true,
      "title": "RU",
      "type": "text",
    },
    Object {
      "filterName": "zhs",
      "name": "zhs",
      "required": true,
      "title": "ZHS",
      "type": "text",
    },
    Object {
      "filterName": "zht",
      "name": "zht",
      "required": true,
      "title": "ZHT",
      "type": "text",
    },
    Object {
      "filterName": "pt",
      "name": "pt",
      "required": true,
      "title": "PT",
      "type": "text",
    },
    Object {
      "filterName": "kr",
      "name": "kr",
      "required": true,
      "title": "KR",
      "type": "text",
    },
    Object {
      "filterName": "ja",
      "name": "ja",
      "required": true,
      "title": "JA",
      "type": "text",
    },
    Object {
      "filterName": "ua",
      "name": "ua",
      "required": true,
      "title": "UA",
      "type": "text",
    },
    Object {
      "filterName": "he",
      "name": "he",
      "required": true,
      "title": "HE",
      "type": "text",
    },
    Object {
      "filterName": "ar",
      "name": "ar",
      "required": true,
      "title": "AR",
      "type": "text",
    },
    Object {
      "filterName": "cz",
      "name": "cz",
      "required": true,
      "title": "CZ",
      "type": "text",
    },
    Object {
      "filterName": "th",
      "name": "th",
      "required": true,
      "title": "TH",
      "type": "text",
    },
    Object {
      "filterName": "tr",
      "name": "tr",
      "required": true,
      "title": "TR",
      "type": "text",
    },
    Object {
      "filterName": "bg",
      "name": "bg",
      "required": true,
      "title": "BG",
      "type": "text",
    },
    Object {
      "filterName": "el",
      "name": "el",
      "required": true,
      "title": "EL",
      "type": "text",
    },
    Object {
      "filterName": "sl",
      "name": "sl",
      "required": true,
      "title": "SL",
      "type": "text",
    },
    Object {
      "filterName": "sk",
      "name": "sk",
      "required": true,
      "title": "SK",
      "type": "text",
    },
    Object {
      "filterName": "isReject",
      "name": "isReject",
      "title": "UNVALIDATEREASON",
      "type": "toggle",
    },
    Object {
      "clearable": false,
      "collectionName": "groups",
      "filterName": "group",
      "filters": Array [
        Array [
          Object {
            "field": "isRole",
            "operator": Object {
              "_id": "neq",
            },
            "value": true,
          },
          Object {
            "field": "type",
            "operator": Object {
              "_id": "nin",
            },
            "value": Array [
              "plan",
            ],
          },
        ],
      ],
      "hiddenFields": Array [
        "isRole",
        "type",
      ],
      "idOnly": true,
      "mapTransform": [Function],
      "multiple": true,
      "name": "group",
      "required": true,
      "title": "GROUPS",
      "type": "autocomplete",
    },
    Object {
      "filterName": "isPhotoAnnotation",
      "name": "isPhotoAnnotation",
      "title": "ANNOTATE",
      "type": "toggle",
    },
  ],
  "appareance": Map {},
  "className": "Translation",
  "collectionName": "translations",
  "feathersService": undefined,
  "fields": Array [
    "*",
  ],
  "include": Array [],
  "isCustom": undefined,
  "mappingFields": Map {},
  "searchSubquery": undefined,
  "searchableFields": Array [
    "key",
  ],
  "type": [Function],
}
`;
