// Jest Snapshot v1, https://goo.gl/fbAQLP

exports[`shared: data-core: interfaces: User should create an entity 1`] = `
IModel {
  "_formFields": Array [
    Object {
      "exportOrder": 11,
      "filterName": "_id",
      "forceExport": true,
      "name": "_id",
      "title": "_ID",
      "type": "text",
      "visible": false,
    },
    Object {
      "allowLibrary": true,
      "columnDefinition": Object {
        "width": 52,
      },
      "exportOrder": 10,
      "filterName": "imageData",
      "filterable": false,
      "name": "imageData",
      "sortable": false,
      "title": "PHOTO",
      "type": "photo",
    },
    Object {
      "asyncValidators": Array [
        [Function],
      ],
      "condition": "not (getAttributeValue(\\"_id\\") == \\"multiple\\")",
      "disableAutocomplete": true,
      "exportOrder": 1,
      "filterName": "username",
      "flex": 100,
      "name": "username",
      "readonly": "getAttributeValue(\\"_ect\\")",
      "required": true,
      "title": "USERNAME",
      "type": "email",
    },
    Object {
      "disableAutocomplete": true,
      "exportOrder": 6,
      "filterName": "email",
      "flex": 100,
      "name": "email",
      "required": false,
      "title": "EMAIL",
      "type": "email",
    },
    Object {
      "condition": "not getAttributeValue(\\"_ect\\")",
      "disableAutocomplete": true,
      "exportOrder": 2,
      "filterName": "password",
      "filterable": false,
      "name": "password",
      "required": true,
      "sortable": false,
      "title": "PASSWORD",
      "type": "password",
    },
    Object {
      "exportOrder": 4,
      "filterName": "firstName",
      "flex": 100,
      "name": "firstName",
      "required": true,
      "title": "FIRSTNAME",
      "type": "text",
    },
    Object {
      "exportOrder": 5,
      "filterName": "lastName",
      "flex": 100,
      "name": "lastName",
      "required": true,
      "title": "LASTNAME",
      "type": "text",
    },
    Object {
      "collectionName": "tenants",
      "columnDefinition": Object {
        "name": "name",
      },
      "condition": Array [
        Object {
          "group": Array [
            "admin",
          ],
          "operator": "in",
          "type": "roles",
        },
      ],
      "filterName": "_tenantRef",
      "multiple": false,
      "name": "_tenant",
      "required": true,
      "title": "TENANT",
      "type": "autocomplete",
    },
    Object {
      "condition": Array [
        "not getAttributeValue(\\"_ect\\")",
        Object {
          "group": Array [
            "admin",
          ],
          "operator": "in",
          "type": "roles",
        },
      ],
      "exportOrder": 12,
      "filterName": "isTeam",
      "filterableAdvanced": true,
      "flex": 100,
      "name": "isTeam",
      "title": "TEAM",
      "type": "toggle",
    },
    Object {
      "collectionName": "user",
      "condition": Object {
        "group": Array [
          "admin",
        ],
        "operator": "in",
        "type": "roles",
      },
      "exportOrder": 13,
      "filterName": "tags",
      "icon": "yo-flag",
      "multiple": true,
      "name": "tags",
      "subQuery": Object {
        "field": "ownerRef",
        "values": "_id",
      },
      "tag": true,
      "title": "USERTAGS",
      "type": "autocomplete",
    },
    Object {
      "condition": Array [
        Object {
          "group": Array [
            "admin",
          ],
          "operator": "in",
          "type": "roles",
        },
      ],
      "exportOrder": 15,
      "filterName": "role",
      "filterableAdvanced": true,
      "flex": 100,
      "name": "role",
      "required": true,
      "title": "ROLE",
      "translate": true,
      "type": "autocomplete",
      "values": Array [
        "ROLEADMIN",
        "ROLEEDITOR",
        "ROLEVIEWER",
        "ROLEMANAGER",
        "ROLEFIELD",
        "ROLESTOREMANAGER",
        "ROLESTORE",
      ],
    },
    Object {
      "advanced": true,
      "exportOrder": 7,
      "filterName": "telephone",
      "filterableAdvanced": true,
      "flex": 50,
      "name": "telephone",
      "title": "TELEPHONE",
      "type": "tel",
    },
    Object {
      "advanced": true,
      "exportOrder": 8,
      "filterName": "company",
      "filterableAdvanced": true,
      "flex": 50,
      "name": "company",
      "title": "COMPANY",
      "type": "text",
    },
    Object {
      "advanced": true,
      "condition": Object {
        "group": Array [
          "trial",
        ],
        "operator": "nin",
        "type": "roles",
      },
      "filterName": "dateOfBirth",
      "filterableAdvanced": true,
      "flex": 50,
      "name": "dateOfBirth",
      "suppressExport": true,
      "title": "DATEOFBIRTH",
      "type": "date",
    },
    Object {
      "advanced": true,
      "condition": Object {
        "group": Array [
          "trial",
        ],
        "operator": "nin",
        "type": "roles",
      },
      "filterName": "gender",
      "filterableAdvanced": true,
      "flex": 50,
      "name": "gender",
      "suppressExport": true,
      "title": "GENDER",
      "translate": true,
      "type": "autocomplete",
      "values": Array [
        "MALE",
        "FEMALE",
      ],
    },
    Object {
      "advanced": true,
      "condition": Object {
        "group": Array [
          "trial",
        ],
        "operator": "nin",
        "type": "roles",
      },
      "exportOrder": 9,
      "filterName": "address",
      "name": "address",
      "title": "ADDRESS",
      "type": "address",
    },
    Object {
      "clearable": true,
      "collectionName": "locations",
      "condition": Array [
        Object {
          "group": Array [
            "manager",
          ],
          "operator": "in",
          "type": "roles",
        },
        Object {
          "group": Array [
            "trial",
          ],
          "operator": "nin",
          "type": "roles",
        },
        "not (username == \\"smartin@yoobic.com\\")",
        "not (endsWith(getAttributeValue(\\"username\\"),\\"@yoobic.com\\") == 1 and length(\\"_acl.groups.r\\") == 0)",
      ],
      "deleteOnHidden": false,
      "filterName": "locationRef",
      "name": "location",
      "onChange": [Function],
      "suppressExport": true,
      "title": "LOCATION",
      "type": "autocomplete",
    },
    Object {
      "exportOrder": 14,
      "filterName": "locationRef",
      "filterable": false,
      "forceExport": true,
      "name": "locationRef",
      "title": "LOCATIONREF",
      "type": "text",
      "visible": false,
    },
    Object {
      "allowCustomTag": true,
      "clearable": false,
      "collectionName": "groups",
      "columnDefinition": Object {
        "forceName": true,
        "name": "_acl?.groups?.r",
      },
      "condition": Array [
        Object {
          "group": Array [
            "admin",
            "clientadmin",
          ],
          "operator": "in",
          "type": "roles",
        },
        "not (username == \\"smartin@yoobic.com\\")",
        "not (endsWith(getAttributeValue(\\"username\\"),\\"@yoobic.com\\") == 1 and length(\\"_acl.groups.r\\") == 0)",
        Object {
          "group": Array [
            "trial",
          ],
          "operator": "nin",
          "type": "roles",
        },
      ],
      "deleteOnHidden": false,
      "exportOrder": 3,
      "filterName": "_acl.groups.r",
      "filters": Array [
        Array [
          Object {
            "field": "isRole",
            "operator": Object {
              "_id": "neq",
            },
            "value": true,
          },
          Object {
            "field": "type",
            "operator": Object {
              "_id": "nin",
            },
            "value": Array [
              "plan",
            ],
          },
        ],
      ],
      "hiddenFields": Array [
        "isRole",
        "type",
      ],
      "idOnly": true,
      "mapTransform": [Function],
      "multiple": true,
      "name": "_acl.groups.r",
      "required": true,
      "title": "GROUPS",
      "type": "autocomplete",
    },
    Object {
      "advanced": true,
      "filterName": "_lmt",
      "filterableAdvanced": true,
      "name": "_lmt",
      "readonly": true,
      "suppressExport": true,
      "title": "_LMT",
      "type": "date",
    },
    Object {
      "advanced": true,
      "filterName": "version",
      "filterableAdvanced": true,
      "name": "version",
      "readonly": true,
      "suppressExport": false,
      "title": "VERSION",
      "type": "text",
    },
    Object {
      "advanced": true,
      "filterName": "mobileVersion",
      "filterableAdvanced": true,
      "name": "mobileVersion",
      "readonly": true,
      "suppressExport": false,
      "title": "MOBILEVERSION",
      "type": "text",
    },
    Object {
      "advanced": true,
      "filterName": "platform",
      "filterableAdvanced": true,
      "name": "platform",
      "readonly": true,
      "suppressExport": true,
      "title": "PLATFORM",
      "type": "text",
    },
    Object {
      "advanced": true,
      "filterName": "language",
      "filterableAdvanced": true,
      "name": "language",
      "readonly": true,
      "suppressExport": true,
      "title": "LANGUAGE",
      "type": "text",
    },
    Object {
      "advanced": true,
      "filterName": "device",
      "filterable": false,
      "name": "device",
      "readonly": true,
      "suppressExport": true,
      "title": "DEVICE",
      "type": "text",
    },
    Object {
      "advanced": true,
      "filterName": "uuid",
      "filterable": false,
      "name": "uuid",
      "readonly": true,
      "suppressExport": true,
      "title": "UUID",
      "type": "text",
    },
    Object {
      "advanced": true,
      "filterName": "target",
      "filterable": false,
      "name": "target",
      "readonly": true,
      "suppressExport": true,
      "title": "TARGET",
      "type": "text",
    },
    Object {
      "condition": Object {
        "group": Array [
          "admin",
        ],
        "operator": "in",
        "type": "roles",
      },
      "filterName": "photoMaxWidth",
      "filterable": false,
      "name": "photoMaxWidth",
      "suppressExport": true,
      "title": "MAXWIDTH",
      "type": "number",
    },
  ],
  "appareance": Map {},
  "className": "User",
  "collectionName": "user",
  "feathersService": undefined,
  "fields": Array [
    "*",
  ],
  "include": Array [
    "location",
    "_tenant",
  ],
  "isCustom": undefined,
  "mappingFields": Map {},
  "searchSubquery": undefined,
  "searchableFields": Array [
    "username",
    "email",
    "firstName",
    "lastName",
  ],
  "type": [Function],
}
`;
