// Jest Snapshot v1, https://goo.gl/fbAQLP

exports[`shared: data-core: interfaces: LocationType should create an entity 1`] = `
IModel {
  "_formFields": Array [
    Object {
      "exportOrder": 1,
      "filterName": "_id",
      "forceExport": true,
      "name": "_id",
      "title": "_ID",
      "type": "text",
      "visible": false,
    },
    Object {
      "exportOrder": 2,
      "filterName": "name",
      "name": "name",
      "required": true,
      "title": "NAME",
      "type": "text",
    },
    Object {
      "allowCustomTag": true,
      "clearable": false,
      "collectionName": "groups",
      "filterName": "group",
      "filters": Array [
        Array [
          Object {
            "field": "type",
            "operator": Object {
              "_id": "nin",
            },
            "value": Array [
              "plan",
            ],
          },
          Object {
            "field": "isRole",
            "operator": Object {
              "_id": "neq",
            },
            "value": true,
          },
        ],
      ],
      "hiddenFields": Array [
        "isRole",
        "type",
      ],
      "idOnly": true,
      "mapTransform": [Function],
      "multiple": true,
      "name": "group",
      "required": true,
      "title": "GROUPS",
      "type": "autocomplete",
    },
    Object {
      "exportOrder": 4,
      "filterName": "count",
      "forceExport": true,
      "name": "count",
      "readonly": true,
      "title": "COUNT",
      "type": "number",
      "visible": false,
    },
  ],
  "appareance": Map {},
  "className": "LocationType",
  "collectionName": "locationtypes",
  "feathersService": undefined,
  "fields": Array [
    "*",
  ],
  "include": Array [],
  "isCustom": undefined,
  "mappingFields": Map {},
  "searchSubquery": undefined,
  "searchableFields": Array [
    "name",
  ],
  "type": [Function],
}
`;
