// Jest Snapshot v1, https://goo.gl/fbAQLP

exports[`pipe: CurrencyPipe show currency for  $, locale: en-US 1`] = `"3.3 $"`;

exports[`pipe: CurrencyPipe show currency for  $, locale: en-US 2`] = `"3.3 $"`;

exports[`pipe: CurrencyPipe show currency for  $, locale: en-US 3`] = `"-0.13 $"`;

exports[`pipe: CurrencyPipe show currency for  $, locale: en-US 4`] = `"-0.1 $"`;

exports[`pipe: CurrencyPipe show currency for  £, locale: en-GB 1`] = `"£ 2.67"`;

exports[`pipe: CurrencyPipe show currency for  £, locale: en-GB 2`] = `"£ 2.7"`;

exports[`pipe: CurrencyPipe show currency for  £, locale: en-GB 3`] = `"£ -0.1"`;

exports[`pipe: CurrencyPipe show currency for  £, locale: en-GB 4`] = `"£ -0.1"`;

exports[`pipe: CurrencyPipe show currency for  ₪, locale: he-IL 1`] = `"11.94 ₪"`;

exports[`pipe: CurrencyPipe show currency for  ₪, locale: he-IL 2`] = `"11.9 ₪"`;

exports[`pipe: CurrencyPipe show currency for  ₪, locale: he-IL 3`] = `"-0.47 ₪"`;

exports[`pipe: CurrencyPipe show currency for  ₪, locale: he-IL 4`] = `"-0.5 ₪"`;

exports[`pipe: CurrencyPipe show currency for  €, locale: fr-FR 1`] = `"3.14 €"`;

exports[`pipe: CurrencyPipe show currency for  €, locale: fr-FR 2`] = `"3.1 €"`;

exports[`pipe: CurrencyPipe show currency for  €, locale: fr-FR 3`] = `"-0.12 €"`;

exports[`pipe: CurrencyPipe show currency for  €, locale: fr-FR 4`] = `"-0.1 €"`;
