// Jest Snapshot v1, https://goo.gl/fbAQLP

exports[`shared: data-core: interfaces: Algorithm should create an entity 1`] = `
IModel {
  "_formFields": Array [
    Object {
      "filterName": "name",
      "name": "name",
      "required": true,
      "title": "NAME",
      "type": "text",
    },
  ],
  "appareance": Map {},
  "className": "Algorithm",
  "collectionName": "algorithm",
  "feathersService": undefined,
  "fields": Array [
    "name",
    "_id",
  ],
  "include": Array [],
  "isCustom": undefined,
  "mappingFields": Map {},
  "searchSubquery": undefined,
  "searchableFields": Array [
    "name",
  ],
  "type": [Function],
}
`;
